BL51 BANKED LINKER/LOCATER V6.22                                                        04/25/2021  05:14:43  PAGE 1


BL51 BANKED LINKER/LOCATER V6.22, INVOKED BY:
C:\KEIL_V5\C51\BIN\BL51.EXE .\Objects\STARTUP.obj, .\Objects\main.obj TO .\Objects\dock PRINT (.\Listings\dock.m51) RAMS
>> IZE (256)


MEMORY MODEL: SMALL


INPUT MODULES INCLUDED:
  .\Objects\STARTUP.obj (?C_STARTUP)
  .\Objects\main.obj (MAIN)


LINK MAP OF MODULE:  .\Objects\dock (?C_STARTUP)


            TYPE    BASE      LENGTH    RELOCATION   SEGMENT NAME
            -----------------------------------------------------

            * * * * * * *   D A T A   M E M O R Y   * * * * * * *
            REG     0000H     0008H     ABSOLUTE     "REG BANK 0"
            DATA    0008H     0004H     UNIT         _DATA_GROUP_
            IDATA   000CH     0001H     UNIT         ?STACK

            * * * * * * *   C O D E   M E M O R Y   * * * * * * *
            CODE    0000H     0003H     ABSOLUTE     
            CODE    0003H     0049H     UNIT         ?PR?_TX_ADC?MAIN
            CODE    004CH     0043H     UNIT         ?PR?MAIN?MAIN
            CODE    008FH     002FH     UNIT         ?CO?MAIN
            CODE    00BEH     002EH     UNIT         ?PR?_TX1SEND?MAIN
            CODE    00ECH     0022H     UNIT         ?PR?_GETADC8?MAIN
            CODE    010EH     0010H     UNIT         ?PR?_DELAY_MS?MAIN
            CODE    011EH     0010H     UNIT         ?PR?_PRINTSTRING?MAIN
            CODE    012EH     000EH     UNIT         ?PR?BITTIME?MAIN
            CODE    013CH     000CH     UNIT         ?C_C51STARTUP



OVERLAY MAP OF MODULE:   .\Objects\dock (?C_STARTUP)


SEGMENT                          DATA_GROUP 
  +--> CALLED SEGMENT          START    LENGTH
----------------------------------------------
?C_C51STARTUP                  -----    -----
  +--> ?PR?MAIN?MAIN

?PR?MAIN?MAIN                  0008H    0002H
  +--> ?CO?MAIN
  +--> ?PR?_PRINTSTRING?MAIN
  +--> ?PR?_DELAY_MS?MAIN
  +--> ?PR?_GETADC8?MAIN
  +--> ?PR?_TX_ADC?MAIN
  +--> ?PR?_TX1SEND?MAIN

?PR?_PRINTSTRING?MAIN          -----    -----
  +--> ?PR?_TX1SEND?MAIN

BL51 BANKED LINKER/LOCATER V6.22                                                      04/25/2021  05:14:43  PAGE 2


?PR?_TX1SEND?MAIN              -----    -----
  +--> ?PR?BITTIME?MAIN

?PR?_TX_ADC?MAIN               000AH    0002H
  +--> ?PR?_TX1SEND?MAIN



SYMBOL TABLE OF MODULE:  .\Objects\dock (?C_STARTUP)

  VALUE           TYPE          NAME
  ----------------------------------

  -------         MODULE        ?C_STARTUP
  C:013CH         SEGMENT       ?C_C51STARTUP
  I:000CH         SEGMENT       ?STACK
  C:0000H         PUBLIC        ?C_STARTUP
  D:00E0H         SYMBOL        ACC
  D:00F0H         SYMBOL        B
  D:0083H         SYMBOL        DPH
  D:0082H         SYMBOL        DPL
  N:0000H         SYMBOL        IBPSTACK
  N:0100H         SYMBOL        IBPSTACKTOP
  N:0080H         SYMBOL        IDATALEN
  C:013FH         SYMBOL        IDATALOOP
  N:0000H         SYMBOL        PBPSTACK
  N:0100H         SYMBOL        PBPSTACKTOP
  N:0000H         SYMBOL        PDATALEN
  N:0000H         SYMBOL        PDATASTART
  N:0000H         SYMBOL        PPAGE
  N:0000H         SYMBOL        PPAGEENABLE
  D:00A0H         SYMBOL        PPAGE_SFR
  D:0081H         SYMBOL        SP
  C:013CH         SYMBOL        STARTUP1
  N:0000H         SYMBOL        XBPSTACK
  N:0000H         SYMBOL        XBPSTACKTOP
  N:0000H         SYMBOL        XDATALEN
  N:0000H         SYMBOL        XDATASTART
  C:0000H         LINE#         126
  C:013CH         LINE#         133
  C:013EH         LINE#         134
  C:013FH         LINE#         135
  C:0140H         LINE#         136
  C:0142H         LINE#         185
  C:0145H         LINE#         196
  -------         ENDMOD        ?C_STARTUP

  -------         MODULE        MAIN
  C:0000H         SYMBOL        _ICE_DUMMY_
  D:00B0H         PUBLIC        P3
  B:00A8H.7       PUBLIC        EA
  C:00C2H         PUBLIC        _Tx1Send
  C:011EH         PUBLIC        _PrintString
  D:00BDH         PUBLIC        ADC_RES
  C:004CH         PUBLIC        main
  D:00BCH         PUBLIC        ADC_CONTR
  C:012EH         PUBLIC        BitTime
BL51 BANKED LINKER/LOCATER V6.22                                                      04/25/2021  05:14:43  PAGE 3


  B:00B0H.1       PUBLIC        P_TXD1
  C:010EH         PUBLIC        _delay_ms
  C:0003H         PUBLIC        _TX_ADC
  D:009DH         PUBLIC        P1ASF
  C:00ECH         PUBLIC        _GetAdc8
  -------         PROC          _TX_ADC
  D:000AH         SYMBOL        chn
  D:000BH         SYMBOL        adc
  C:0003H         LINE#         67
  C:0007H         LINE#         68
  C:0007H         LINE#         69
  C:000CH         LINE#         70
  C:0011H         LINE#         71
  C:0019H         LINE#         72
  C:001EH         LINE#         73
  C:0026H         LINE#         74
  C:0034H         LINE#         75
  C:0042H         LINE#         76
  C:0047H         LINE#         77
  -------         ENDPROC       _TX_ADC
  -------         PROC          MAIN
  -------         DO            
  D:0008H         SYMBOL        j
  -------         ENDDO         
  C:004CH         LINE#         81
  C:004CH         LINE#         82
  C:004CH         LINE#         85
  C:0053H         LINE#         87
  C:0056H         LINE#         88
  C:0059H         LINE#         90
  C:0059H         LINE#         91
  C:0059H         LINE#         92
  C:005EH         LINE#         93
  C:0063H         LINE#         94
  C:0068H         LINE#         95
  C:006DH         LINE#         97
  C:0072H         LINE#         98
  C:007CH         LINE#         99
  C:0083H         LINE#         101
  C:0088H         LINE#         102
  C:008DH         LINE#         103
  -------         ENDPROC       MAIN
  -------         PROC          _GETADC8
  D:0007H         SYMBOL        channel
  -------         DO            
  D:0007H         SYMBOL        i
  -------         ENDDO         
  C:00ECH         LINE#         107
  C:00ECH         LINE#         108
  C:00ECH         LINE#         111
  C:00EFH         LINE#         113
  C:00F8H         LINE#         115
  C:00FAH         LINE#         116
  C:00FAH         LINE#         117
  C:00FFH         LINE#         118
  C:00FFH         LINE#         119
  C:0102H         LINE#         120
BL51 BANKED LINKER/LOCATER V6.22                                                      04/25/2021  05:14:43  PAGE 4


  C:0105H         LINE#         121
  C:0105H         LINE#         122
  C:010BH         LINE#         123
  C:010DH         LINE#         124
  -------         ENDPROC       _GETADC8
  -------         PROC          _DELAY_MS
  D:0007H         SYMBOL        ms
  -------         DO            
  D:0004H         SYMBOL        i
  -------         ENDDO         
  C:010EH         LINE#         135
  C:010EH         LINE#         136
  C:010EH         LINE#         138
  C:010EH         LINE#         139
  C:0112H         LINE#         140
  C:011BH         LINE#         141
  C:011DH         LINE#         142
  -------         ENDPROC       _DELAY_MS
  -------         PROC          BITTIME
  -------         DO            
  D:0006H         SYMBOL        i
  -------         ENDDO         
  C:012EH         LINE#         147
  C:012EH         LINE#         148
  C:012EH         LINE#         150
  C:0132H         LINE#         151
  C:013BH         LINE#         152
  -------         ENDPROC       BITTIME
  -------         PROC          L?0033
  -------         ENDPROC       L?0033
  -------         PROC          _TX1SEND
  D:0005H         SYMBOL        dat
  -------         DO            
  D:0004H         SYMBOL        i
  -------         ENDDO         
  C:00C2H         LINE#         155
  C:00C4H         LINE#         156
  C:00C4H         LINE#         158
  C:00C6H         LINE#         159
  C:00C8H         LINE#         160
  C:00CBH         LINE#         161
  C:00CDH         LINE#         162
  C:00CDH         LINE#         163
  C:00D5H         LINE#         164
  C:00D7H         LINE#         165
  C:00DBH         LINE#         166
  C:00DEH         LINE#         167
  C:00E2H         LINE#         168
  C:00E4H         LINE#         169
  C:00E6H         LINE#         170
  C:00E9H         LINE#         171
  -------         ENDPROC       _TX1SEND
  -------         PROC          _PRINTSTRING
  D:0082H         SYMBOL        puts
  C:011EH         LINE#         174
  C:0122H         LINE#         175
  C:0122H         LINE#         176
BL51 BANKED LINKER/LOCATER V6.22                                                      04/25/2021  05:14:43  PAGE 5


  C:012DH         LINE#         177
  -------         ENDPROC       _PRINTSTRING
  -------         ENDMOD        MAIN

Program Size: data=13.0 xdata=0 code=328
LINK/LOCATE RUN COMPLETE.  0 WARNING(S),  0 ERROR(S)
